[user]  --------------------------------
User 1

[bot]  --------------------------------
continue

[user]  --------------------------------
User 2

[bot]  --------------------------------
Bot 1

[user]  --------------------------------
continue

[bot]  --------------------------------
Bot 2

[user]  --------------------------------
User 3
